# internal-error
# Ini tidak akan ditampilkan jika memiliki halaman kesalahan, halaman ini akan ditampilkan.
# menampilkan pesan kesalahan ini (error-orig akan menjelaskan apa yang telah terjadi)
internal-error = Kesalahan internal ($(error-orig)).

# config-error
# Seharusnya tidak terjadi jika hotspot dikonfigurasi dengan benar.
config-error = Kesalahan konfigurasi ($(error-orig)).

# not-logged-in
# Akan tampil jika status atau halaman logout diminta oleh pengguna,
# yang sebenarnya belum masuk
not-logged-in = Anda belum masuk (ip $(ip)).

# ippool-empty
# Alamat IP pengguna akan ditetapkan dari kumpulan ip (IP Pool), tetapi tidak ada lagi alamat di IP Pool.
ippool-empty = Tidak dapat menetapkan alamat IP - Alamat IP dari Pool habis.

# shutting-down
# Saat shutdown dijalankan, klien baru tidak diterima
shutting-down = Layanan hotspot sedang ditutup.

# user-session-limit
# Jika profil pengguna memiliki batas pengguna bersama, maka kesalahan ini akan ditampilkan setelah mencapai batas
user-session-limit = Voucher $(username) sedang digunakan .

# license-session-limit
# Bergantung pada nomor lisensi dari klien hotspot aktif yang dibatasi
# satu atau jumlah lain. Jika batas ini tercapai, kesalahan berikut akan ditampilkan.
license-session-limit = Batas durasi penggunaan voucher habis ($(error-orig)).

# wrong-mac-username
# Jika nama pengguna terlihat seperti alamat MAC (12:34:56:78:9a:bc), tetapi bukan
# alamat MAC klien ini, login ditolak
wrong-mac-username = Voucher tidak sesuai ($(username)): MAC address ini bukan milik Anda.

# chap-missing
# Jika metode login http-chap digunakan, tetapi program hotspot tidak menerima kembalian sandi terenkripsi, pesan kesalahan ini ditampilkan.
# Kemungkinan penyebab kegagalan:
# - JavaScript tidak diaktifkan di browser web;
# - halaman login.html tidak valid;
# - nilai tantangan telah kedaluwarsa di server (lebih dari 1 jam tidak aktif);
# - Metode login http-chap baru saja dihapus;
# Jika JavaScript diaktifkan dan halaman login.html valid, coba masuk kembali biasanya memperbaiki masalah ini.
chap-missing = Browser tidak mengirimkan tanggapanan tantangan (Coba lagi, pastikan JavaScript browser aktif).

# invalid-username
# Kasus paling umum dari nama pengguna atau kata sandi tidak valid. Jika server RADIUS
# telah mengirim string kesalahan dengan pesan Access-Reject, maka itu akan menimpa pengaturan ini.
invalid-username = Voucher tidak sesuai, masukkan kembali dengan benar.

# invalid-mac
# Pengguna lokal (di server hotspot) dapat terikat ke beberapa alamat MAC. Jika login
# dari MAC yang berbeda, pesan kesalahan ini akan ditampilkan.
invalid-mac = Voucher $(username) tidak diizinkan untuk masuk dari alamat MAC ini.

# uptime-limit, traffic-limit
# Untuk pengguna hotspot lokal jika batas tercapai
uptime-limit = Voucher $(username) telah mencapai batas waktu.
traffic-limit = Voucher $(username) telah mencapai batas kuota.

# radius-timeout
# Pengguna diautentikasi oleh server RADIUS, tetapi tidak ada tanggapan yang diterima darinya,
# kesalahan berikut akan ditampilkan.
radius-timeout = RADIUS server tidak merespon.

# auth-in-progress
# Otorisasi sedang berlangsung. Klien sudah mengeluarkan permintaan otorisasi
# yang belum selesai.
auth-in-progress = Otorisasi sedang berlangung, coba lagi beberapa saat.

# radius-reply
# Server Radius mengembalikan beberapa pesan kesalahan khusus
radius-reply = Kesalahan dari server Radius $(error-orig).

////STATUSHTML ASLI


<!DOCTYPE html>
<html lang="id">
  <head>
    <meta charset="UTF-8" />
    <meta http-equiv="X-UA-Compatible" content="IE=edge" />
    <meta name="viewport" content="width=device-width, initial-scale=1.0" />
    <meta name="theme-color" content="#06f" />
    <meta http-equiv="expires" content="-1">
    <link rel="shortcut icon" href="./favicon.ico" />
    <link rel="stylesheet" href="assets/css/status.css" />
    <title>Status | Hotspot</title>
    $(if refresh-timeout)
    <meta http-equiv="refresh" content="$(refresh-timeout-secs)" />
    $(endif)
  </head>

  <script>
    $(if advert-pending == 'yes')
      var popup = '';
      function focusAdvert() {
        if (window.focus) popup.focus();
      }
      function openAdvert() {
        popup = open('$(link-advert)', 'hotspot_advert', '');
        setTimeout("focusAdvert()", 1000);
      }
    $(endif)
      function openLogout() {
        if (window.name != 'hotspot_status') return true;
          open('$(link-logout)', 'hotspot_logout', 'toolbar=0,location=0,directories=0,status=0,menubars=0,resizable=1,width=280,height=250');
          window.close();
        return false;
      }
  </script>
  <body 
    $(if advert-pending == 'yes')	
      onLoad="openAdvert()"
    $(endif) >
    <div class="container">
      <div class="wrapper">
        <div class="title-wrapper">
          <h1>Status</h1>
          <!-- prettier-ignore -->
          <p>Informasi/status voucher <strong>$(if login-by == 'trial')Trial$(elif login-by != 'mac')$(username)$(endif)</strong>.</p>
        </div>

        <table>
          <tr>
            <th>IP Address:</th>
            <td>$(ip)</td> 
          </tr>
          <tr>
            <th>Bytes U/D:</th>
            <td>$(bytes-in-nice) / $(bytes-out-nice)</td> 
          </tr>
          $(if session-time-left)
          <tr>
            <th>Uptime / Left:</th>
            <td>$(uptime) / $(session-time-left)</td> 
          </tr>
          $(else)
          <tr>
            <th>Uptime:</th>
            <td>$(uptime)</td> 
          </tr>
          $(endif)

          $(if blocked == 'yes')
          <tr>
            <th>Status: </th>
            <td><a href="$(link-advert)" target="hotspot_advert">advertisement</a> required</td> 
          </tr>
          $(elif refresh-timeout)
          <tr>
            <th>Refresh:</th>
            <td>$(refresh-timeout)</td>
          </tr>
          $(endif)

          <tr id="expiredRow">
            <th>Expired:</th>
            <td id="expired"></td>
          </tr>
        </table>

        $(if login-by-mac != 'yes')
        <form 
          action="$(link-logout)" 
          name="logout" 
          onSubmit="return openLogout()">
          <button class="btn btn-primary" type="submit">Logout</button>
        </form>
        $(endif)

        <div class="form-footer">
          <p class="copy-right"></a></p>
        </div>
      </div>
    </div>

    <script type="module">
      import config from './assets/js/config.js';

      document.title = `Status | ${window.location.hostname}`;
     
      if(config.expiredChecker.active) {
        const expiredTable = document.getElementById('expired');
        expiredTable.insertAdjacentHTML('afterbegin', '<div class="spinner"><div class="bounce1"></div><div class="bounce2"></div><div class="bounce3"></div></div>')
        fetch(`${config.expiredChecker.URL}/$(username)`, { 
          method: 'POST', 
          headers: {
            'Content-Type': 'application/json'
          },
          body: JSON.stringify({token: config.expiredChecker.token})
        })
        .then(response => {
          if(response.ok) {
            return response.json();
          } else {
            throw new Error(response.statusText);
          }
        })
        .then(result=> {
          const { comment } = result.data;
          expiredTable.innerHTML = comment
        })
        .catch(error => {
          expiredTable.innerHTML = error.message;
        })      
      } else {
        document.getElementById('expiredRow').style.display = 'none'
      }
     
    </script>
  </body>
</html>





//////STATUS HTML KEDUA







<!DOCTYPE html>
<html lang="id">
  <head>
    <meta charset="UTF-8" />
    <meta http-equiv="X-UA-Compatible" content="IE=edge" />
    <meta name="viewport" content="width=device-width, initial-scale=1.0" />
    <meta name="theme-color" content="#06f" />
    <meta http-equiv="expires" content="-1">
    <link rel="shortcut icon" href="./favicon.ico" />
    <link rel="stylesheet" href="assets/css/status.css" />
    <title>Status | Hotspot</title>
    $(if refresh-timeout)
    <meta http-equiv="refresh" content="$(refresh-timeout-secs)" />
    $(endif)
  </head>

  <body
    $(if advert-pending == 'yes')
      onLoad="openAdvert()"
    $(endif)>

    <div class="wrapper">
      <div class="title-wrapper">
        <h1>Hai, $(username)</h1>
        <p>Selamat datang, <span id="current-time"></span></p>
      </div>

      <div class="profile-card">
        <div class="content">
          <div class="text">
            <div>Info terkait profil kamu</div>
            <div class="title">Profile</div>
          </div>
          <div class="icon">📄</div>
        </div>
      </div>

      <div class="info-box"><span>IP Address</span><b>$(ip)</b></div>
      <div class="info-box"><span>Bytes U/D</span><b>$(bytes-in-nice) / $(bytes-out-nice)</b></div>

      $(if session-time-left)
      <div class="info-box"><span>Uptime / Left</span><b>$(uptime) / $(session-time-left)</b></div>
      $(else)
      <div class="info-box"><span>Uptime</span><b>$(uptime)</b></div>
      $(endif)

      $(if blocked == 'yes')
      <div class="info-box"><span>Status</span><b><a href="$(link-advert)" target="hotspot_advert">advertisement</a> required</b></div>
      $(elif refresh-timeout)
      <div class="info-box"><span>Status Refresh</span><b>$(refresh-timeout)</b></div>
      $(endif)

      <div class="info-box"><span>Expired</span><b id="expired">memuat...</b></div>

      $(if login-by-mac != 'yes')
      <form action="$(link-logout)" name="logout" onSubmit="return openLogout()">
        <button class="btn" type="submit">Logout</button>
      </form>
      $(endif)
    </div>

    <script>
      function updateTime() {
        const now = new Date();
        const time = now.toLocaleTimeString('en-GB', { hour12: false });
        document.getElementById('current-time').textContent = time;
      }
      setInterval(updateTime, 1000);
      updateTime();

      $(if advert-pending == 'yes')
        var popup = '';
        function focusAdvert() {
          if (window.focus) popup.focus();
        }
        function openAdvert() {
          popup = open('$(link-advert)', 'hotspot_advert', '');
          setTimeout("focusAdvert()", 1000);
        }
      $(endif)

      function openLogout() {
        if (window.name != 'hotspot_status') return true;
        open(
          '$(link-logout)',
          'hotspot_logout',
          'toolbar=0,location=0,directories=0,status=0,menubars=0,resizable=1,width=280,height=250'
        );
        window.close();
        return false;
      }
    </script>

    <script type="module">
      import config from './assets/js/config.js';

      if(config.expiredChecker.active) {
        const expiredTable = document.getElementById('expired');
        expiredTable.insertAdjacentHTML('afterbegin', '<div class="spinner"><div class="bounce1"></div><div class="bounce2"></div><div class="bounce3"></div></div>')
        fetch(`${config.expiredChecker.URL}/$(username)`, { 
          method: 'POST', 
          headers: {
            'Content-Type': 'application/json'
          },
          body: JSON.stringify({token: config.expiredChecker.token})
        })
        .then(response => {
          if(response.ok) {
            return response.json();
          } else {
            throw new Error(response.statusText);
          }
        })
        .then(result=> {
          const { comment } = result.data;
          expiredTable.innerHTML = comment
        })
        .catch(error => {
          expiredTable.innerHTML = error.message;
        })      
      } else {
        document.getElementById('expired').innerHTML = '-';
      }
    </script>
  </body>
</html>




redvert 8 juli


<!DOCTYPE html>
<html lang="en">
  <head>
    <meta charset="UTF-8" />
    <meta http-equiv="X-UA-Compatible" content="IE=edge" />
    <meta http-equiv="refresh" content="2; url=$(link-orig)" />
    <meta name="viewport" content="width=device-width, initial-scale=1.0" />
    <link rel="shortcut icon" href="./favicon.ico" />
    <meta http-equiv="expires" content="-1" />
    <title>Ads | Hotspot</title>
    <style>
      textarea,
      input,
      select {
        background-color: #fdfbfb;
        border: 1px #bbbbbb solid;
        padding: 2px;
        margin: 1px;
        font-size: 14px;
        color: #808080;
      }

      body {
        color: #737373;
        font-size: 12px;
        font-family: verdana;
      }

      a,
      a:link,
      a:visited,
      a:active {
        color: #aaaaaa;
        text-decoration: none;
        font-size: 12px;
      }
      a:hover {
        border-bottom: 1px dotted #c1c1c1;
        color: #aaaaaa;
      }
      img {
        border: none;
      }
      td {
        font-size: 12px;
        color: #7a7a7a;
      }
    </style>
    <script>
      var popup = "";
      function openOrig() {
        if (window.focus) popup.focus();
        location.href = unescape("$(link-orig-esc)");
      }
      function openAd() {
        location.href = unescape("$(link-redirect-esc)");
      }
      function openAdvert() {
        if (window.name != "hotspot_advert") {
          popup = open("$(link-redirect)", "hotspot_advert", "");
          setTimeout("openOrig()", 1000);
          return;
        }
        setTimeout("openAd()", 1000);
      }
    </script>
  </head>
  <body onLoad="openAdvert()">
    <table width="100%" height="100%">
      <tr>
        <td align="center" valign="middle">
          Advertisement.
          <br /><br />
          If nothing happens, open
          <a href="$(link-redirect)" target="hotspot_advert">advertisement</a>
          manually.
        </td>
      </tr>
    </table>
  </body>
</html>


berjuangalh 

 pagi hari yang terkadang biasa 
 pagi hari hariku bangun
 rasa malas yang tak termenung 
 suata saat pasti kan terbiasa

 siang hari ku beribadah sholat dzuhur
 terus kerja hari hari lalu ku lalui 
 tanpa ada rasa seperti orang yang \
 ada malas hari hari terus berulang 
 sampai waktunya ku tinggal mengenang 
suatu saat pasti kan bisa dalam hal yang kau anggap biasa  

kini lewati hari yang sama 
tanpa ada rasa mengeluh di dadaaaaaaaa
hoi hoi hoi 
ingatlah kau tidak sendiri 
melewatiu rasa sepiiii


hari hari sudah ku lewati 
pagi hari terkadang biasaaa 
rasa malas yang menghilang 
dan yang tumbuh rasa senang 
                       n